Microchip MPLAB XC8 Compiler V2.31

Linker command line:

-W-3 --edf=C:\Program Files\Microchip\xc8\v2.31\pic\dat\en_msgs.txt -cn \
  -h+dist/default/production\Hela.X.production.sym \
  --cmf=dist/default/production\Hela.X.production.cmf -z -Q16F1768 \
  -oC:\Users\JESUSG~1\AppData\Local\Temp\skas.2 --defsym=__MPLAB_BUILD=1 \
  -Mdist/default/production/Hela.X.production.map -E1 -ver=XC8 Compiler \
  --acfsm=1493 -ASTACK=0202Bh-021EFh -pstack=STACK -ACODE=00h-07FFhx2 \
  -ASTRCODE=00h-0FFFh -ASTRING=00h-0FFhx16 -ACONST=00h-0FFhx16 \
  -AENTRY=00h-0FFhx16 -ACOMMON=070h-07Fh -ABANK0=020h-06Fh \
  -ABANK1=0A0h-0EFh -ABANK2=0120h-016Fh -ABANK3=01A0h-01EFh \
  -ABANK4=0220h-026Fh -ABANK5=02A0h-02EFh -ABANK6=0320h-032Fh \
  -ABIGRAM=02000h-021EFh \
  -ARAM=020h-06Fh,0A0h-0EFh,0120h-016Fh,01A0h-01EFh,0220h-026Fh,02A0h-02EFh,0320h-032Fh \
  -AABS1=020h-07Fh,0A0h-0EFh,0120h-016Fh,01A0h-01EFh,0220h-026Fh,02A0h-02EFh,0320h-032Fh \
  -ASFR0=00h-01Fh -ASFR1=080h-09Fh -ASFR2=0100h-011Fh -ASFR3=0180h-019Fh \
  -ASFR4=0200h-021Fh -ASFR5=0280h-029Fh -ASFR6=0300h-031Fh \
  -ASFR7=0380h-03EFh -ASFR8=0400h-046Fh -ASFR9=0480h-04EFh \
  -ASFR10=0500h-056Fh -ASFR11=0580h-05EFh -ASFR12=0600h-066Fh \
  -ASFR13=0680h-06EFh -ASFR14=0700h-076Fh -ASFR15=0780h-07EFh \
  -ASFR16=0800h-086Fh -ASFR17=0880h-08EFh -ASFR18=0900h-096Fh \
  -ASFR19=0980h-09EFh -ASFR20=0A00h-0A6Fh -ASFR21=0A80h-0AEFh \
  -ASFR22=0B00h-0B6Fh -ASFR23=0B80h-0BEFh -ASFR24=0C00h-0C6Fh \
  -ASFR25=0C80h-0CEFh -ASFR26=0D00h-0D6Fh -ASFR27=0D80h-0DEFh \
  -ASFR28=0E00h-0E6Fh -ASFR29=0E80h-0EEFh -ASFR30=0F00h-0F6Fh \
  -ASFR31=0F80h-0FEFh -ACONFIG=08007h-08008h -DCONFIG=2 \
  -AIDLOC=08000h-08003h -DIDLOC=2 -DCODE=2 -DSTRCODE=2 -DSTRING=2 -DCONST=2 \
  -DENTRY=2 -preset_vec=00h,intentry,init,end_init -ppowerup=CODE \
  -pcinit=CODE -pfunctab=ENTRY -k \
  C:\Users\JESUSG~1\AppData\Local\Temp\skas.o \
  dist/default/production\Hela.X.production.o 

Object code version is 3.11

Machine type is 16F1768



                Name                               Link     Load   Length Selector   Space Scale
C:\Users\JESUSG~1\AppData\Local\Temp\skas.o
                end_init                              2        2        2        0       0
                reset_vec                             0        0        2        0       0
                config                             8007     8007        2        0       4
dist/default/production\Hela.X.production.o
                cinit                               7F4      7F4        C      FE8       0
                config                             8007     8007        2        0       4
                text60                              55D      55D       1B      ABA       0
                text59                              3E2      3E2        3      7C4       0
                text58                              3E5      3E5        3      7CA       0
                text57                              3E8      3E8        3      7D0       0
                text56                              578      578       1C      AF0       0
                text55                              3EB      3EB        3      7D6       0
                text54                              3EE      3EE        3      7DC       0
                text53                              3F1      3F1        3      7E2       0
                text52                              4C7      4C7       10      98E       0
                text51                              5D3      5D3       26      BA6       0
                text50                              4A0      4A0        D      940       0
                text49                              4D7      4D7       11      9AE       0
                text48                              3DE      3DE        2      7BC       0
                text47                              3E0      3E0        2      7C0       0
                text46                              4E8      4E8       11      9D0       0
                text45                              4F9      4F9       11      9F2       0
                text44                              50A      50A       11      A14       0
                text43                              545      545       18      A8A       0
                text42                              3F4      3F4        3      7E8       0
                text41                              3FD      3FD        4      7FA       0
                text40                              3F7      3F7        3      7EE       0
                text39                              401      401        4      802       0
                text38                              409      409        5      812       0
                text37                              440      440        6      880       0
                text36                              3FA      3FA        3      7F4       0
                text35                              650      650       2F      CA0       0
                text34                              40E      40E        5      81C       0
                text33                              47B      47B        9      8F6       0
                text32                              46B      46B        8      8D6       0
                text31                              739      739       55      E72       0
                text30                              6F3      6F3       46      DE6       0
                text29                              464      464        7      8C8       0
                text28                              413      413        5      826       0
                text27                              418      418        5      830       0
                text26                              41D      41D        5      83A       0
                text25                              422      422        5      844       0
                text24                              427      427        5      84E       0
                text23                              42C      42C        5      858       0
                text22                              431      431        5      862       0
                text21                              436      436        5      86C       0
                text20                              624      624       2C      C48       0
                text19                              5F9      5F9       2B      BF2       0
                text18                              446      446        6      88C       0
                text17                              4AD      4AD        D      95A       0
                text16                              594      594       1E      B28       0
                text15                              43B      43B        5      876       0
                text14                              4BA      4BA        D      974       0
                text13                              67F      67F       3A      CFE       0
                text12                              484      484        9      908       0
                text11                              44C      44C        6      898       0
                text10                              452      452        6      8A4       0
                text9                               458      458        6      8B0       0
                text8                               5B2      5B2       21      B64       0
                text7                               48D      48D        9      91A       0
                text6                               473      473        8      8E6       0
                text5                               6B9      6B9       3A      D72       0
                text4                               405      405        4      80A       0
                text3                               51B      51B       13      A36       0
                text2                               496      496        A      92C       0
                text1                               52E      52E       17      A5C       0
                maintext                            78E      78E       66      F1C       0
                cstackBANK0                          45       45        6       20       1
                cstackCOMMON                         70       70        C       70       1
                clrtext                             45E      45E        6      8BC       0
                bssBANK0                             20       20       1F       20       1
                bssCOMMON                            7C       7C        1       70       1
                stringtext3                         825      825       25     1000       0
                stringtext2                         800      800       25     1000       0
                nvBANK0                              3F       3F        6       20       1
                stringtext1                         84A      84A       20     1000       0

TOTAL           Name                               Link     Load   Length     Space
        CLASS   STACK          

        CLASS   CODE           
                end_init                              2        2        2         0
                cinit                               7F4      7F4        C         0
                reset_vec                             0        0        2         0
                text60                              55D      55D       1B         0
                text59                              3E2      3E2        3         0
                text58                              3E5      3E5        3         0
                text57                              3E8      3E8        3         0
                text56                              578      578       1C         0
                text55                              3EB      3EB        3         0
                text54                              3EE      3EE        3         0
                text53                              3F1      3F1        3         0
                text52                              4C7      4C7       10         0
                text51                              5D3      5D3       26         0
                text50                              4A0      4A0        D         0
                text49                              4D7      4D7       11         0
                text48                              3DE      3DE        2         0
                text47                              3E0      3E0        2         0
                text46                              4E8      4E8       11         0
                text45                              4F9      4F9       11         0
                text44                              50A      50A       11         0
                text43                              545      545       18         0
                text42                              3F4      3F4        3         0
                text41                              3FD      3FD        4         0
                text40                              3F7      3F7        3         0
                text39                              401      401        4         0
                text38                              409      409        5         0
                text37                              440      440        6         0
                text36                              3FA      3FA        3         0
                text35                              650      650       2F         0
                text34                              40E      40E        5         0
                text33                              47B      47B        9         0
                text32                              46B      46B        8         0
                text31                              739      739       55         0
                text30                              6F3      6F3       46         0
                text29                              464      464        7         0
                text28                              413      413        5         0
                text27                              418      418        5         0
                text26                              41D      41D        5         0
                text25                              422      422        5         0
                text24                              427      427        5         0
                text23                              42C      42C        5         0
                text22                              431      431        5         0
                text21                              436      436        5         0
                text20                              624      624       2C         0
                text19                              5F9      5F9       2B         0
                text18                              446      446        6         0
                text17                              4AD      4AD        D         0
                text16                              594      594       1E         0
                text15                              43B      43B        5         0
                text14                              4BA      4BA        D         0
                text13                              67F      67F       3A         0
                text12                              484      484        9         0
                text11                              44C      44C        6         0
                text10                              452      452        6         0
                text9                               458      458        6         0
                text8                               5B2      5B2       21         0
                text7                               48D      48D        9         0
                text6                               473      473        8         0
                text5                               6B9      6B9       3A         0
                text4                               405      405        4         0
                text3                               51B      51B       13         0
                text2                               496      496        A         0
                text1                               52E      52E       17         0
                maintext                            78E      78E       66         0
                clrtext                             45E      45E        6         0

        CLASS   STRCODE        
                stringtext3                         825      825       25         0
                stringtext2                         800      800       25         0
                stringtext1                         84A      84A       20         0

        CLASS   STRING         

        CLASS   CONST          

        CLASS   ENTRY          

        CLASS   COMMON         
                cstackCOMMON                         70       70        C         1
                bssCOMMON                            7C       7C        1         1

        CLASS   BANK0          
                cstackBANK0                          45       45        6         1
                bssBANK0                             20       20       1F         1
                nvBANK0                              3F       3F        6         1

        CLASS   BANK1          

        CLASS   BANK2          

        CLASS   BANK3          

        CLASS   BANK4          

        CLASS   BANK5          

        CLASS   BANK6          

        CLASS   BIGRAM         

        CLASS   RAM            

        CLASS   ABS1           
                abs_s1                               7E       7E        2         1

        CLASS   SFR0           

        CLASS   SFR1           

        CLASS   SFR2           

        CLASS   SFR3           

        CLASS   SFR4           

        CLASS   SFR5           

        CLASS   SFR6           

        CLASS   SFR7           

        CLASS   SFR8           

        CLASS   SFR9           

        CLASS   SFR10          

        CLASS   SFR11          

        CLASS   SFR12          

        CLASS   SFR13          

        CLASS   SFR14          

        CLASS   SFR15          

        CLASS   SFR16          

        CLASS   SFR17          

        CLASS   SFR18          

        CLASS   SFR19          

        CLASS   SFR20          

        CLASS   SFR21          

        CLASS   SFR22          

        CLASS   SFR23          

        CLASS   SFR24          

        CLASS   SFR25          

        CLASS   SFR26          

        CLASS   SFR27          

        CLASS   SFR28          

        CLASS   SFR29          

        CLASS   SFR30          

        CLASS   SFR31          

        CLASS   CONFIG         
                config                             8007     8007        2         4

        CLASS   IDLOC          

        CLASS   BANK31         

        CLASS   BANK30         

        CLASS   BANK29         

        CLASS   BANK28         

        CLASS   BANK27         

        CLASS   BANK26         

        CLASS   BANK25         

        CLASS   BANK24         

        CLASS   BANK23         

        CLASS   BANK22         

        CLASS   BANK21         

        CLASS   BANK20         

        CLASS   BANK19         

        CLASS   BANK18         

        CLASS   BANK17         

        CLASS   BANK16         

        CLASS   BANK15         

        CLASS   BANK14         

        CLASS   BANK13         

        CLASS   BANK12         

        CLASS   BANK11         

        CLASS   BANK10         

        CLASS   BANK9          

        CLASS   BANK8          

        CLASS   BANK7          

        CLASS   EEDATA         



SEGMENTS        Name                           Load    Length   Top    Selector   Space  Class     Delta

                reset_vec                      000000  000004  000004         0       0  CODE        2
                bssBANK0                       000020  00002B  00004B        20       1  BANK0       1
                cstackCOMMON                   000070  00000D  00007D        70       1  COMMON      1
                text48                         0003DE  000002  0003E0       7BC       0  CODE        2
                text47                         0003E0  000002  0003E2       7C0       0  CODE        2
                text59                         0003E2  000003  0003E5       7C4       0  CODE        2
                text58                         0003E5  000003  0003E8       7CA       0  CODE        2
                text57                         0003E8  000003  0003EB       7D0       0  CODE        2
                text55                         0003EB  000003  0003EE       7D6       0  CODE        2
                text54                         0003EE  000003  0003F1       7DC       0  CODE        2
                text53                         0003F1  000003  0003F4       7E2       0  CODE        2
                text42                         0003F4  000003  0003F7       7E8       0  CODE        2
                text40                         0003F7  000003  0003FA       7EE       0  CODE        2
                text36                         0003FA  000003  0003FD       7F4       0  CODE        2
                text41                         0003FD  000004  000401       7FA       0  CODE        2
                text39                         000401  000004  000405       802       0  CODE        2
                text4                          000405  000004  000409       80A       0  CODE        2
                text38                         000409  000005  00040E       812       0  CODE        2
                text34                         00040E  000005  000413       81C       0  CODE        2
                text28                         000413  000005  000418       826       0  CODE        2
                text27                         000418  000005  00041D       830       0  CODE        2
                text26                         00041D  000005  000422       83A       0  CODE        2
                text25                         000422  000005  000427       844       0  CODE        2
                text24                         000427  000005  00042C       84E       0  CODE        2
                text23                         00042C  000005  000431       858       0  CODE        2
                text22                         000431  000005  000436       862       0  CODE        2
                text21                         000436  000005  00043B       86C       0  CODE        2
                text15                         00043B  000005  000440       876       0  CODE        2
                text37                         000440  000006  000446       880       0  CODE        2
                text18                         000446  000006  00044C       88C       0  CODE        2
                text11                         00044C  000006  000452       898       0  CODE        2
                text10                         000452  000006  000458       8A4       0  CODE        2
                text9                          000458  000006  00045E       8B0       0  CODE        2
                clrtext                        00045E  000006  000464       8BC       0  CODE        2
                text29                         000464  000007  00046B       8C8       0  CODE        2
                text32                         00046B  000008  000473       8D6       0  CODE        2
                text6                          000473  000008  00047B       8E6       0  CODE        2
                text33                         00047B  000009  000484       8F6       0  CODE        2
                text12                         000484  000009  00048D       908       0  CODE        2
                text7                          00048D  000009  000496       91A       0  CODE        2
                text2                          000496  00000A  0004A0       92C       0  CODE        2
                text50                         0004A0  00000D  0004AD       940       0  CODE        2
                text17                         0004AD  00000D  0004BA       95A       0  CODE        2
                text14                         0004BA  00000D  0004C7       974       0  CODE        2
                text52                         0004C7  000010  0004D7       98E       0  CODE        2
                text49                         0004D7  000011  0004E8       9AE       0  CODE        2
                text46                         0004E8  000011  0004F9       9D0       0  CODE        2
                text45                         0004F9  000011  00050A       9F2       0  CODE        2
                text44                         00050A  000011  00051B       A14       0  CODE        2
                text3                          00051B  000013  00052E       A36       0  CODE        2
                text1                          00052E  000017  000545       A5C       0  CODE        2
                text43                         000545  000018  00055D       A8A       0  CODE        2
                text60                         00055D  00001B  000578       ABA       0  CODE        2
                text56                         000578  00001C  000594       AF0       0  CODE        2
                text16                         000594  00001E  0005B2       B28       0  CODE        2
                text8                          0005B2  000021  0005D3       B64       0  CODE        2
                text51                         0005D3  000026  0005F9       BA6       0  CODE        2
                text19                         0005F9  00002B  000624       BF2       0  CODE        2
                text20                         000624  00002C  000650       C48       0  CODE        2
                text35                         000650  00002F  00067F       CA0       0  CODE        2
                text13                         00067F  00003A  0006B9       CFE       0  CODE        2
                text5                          0006B9  00003A  0006F3       D72       0  CODE        2
                text30                         0006F3  000046  000739       DE6       0  CODE        2
                text31                         000739  000055  00078E       E72       0  CODE        2
                maintext                       00078E  000066  0007F4       F1C       0  CODE        2
                cinit                          0007F4  00000C  000800       FE8       0  CODE        2
                stringtext2                    000800  00006A  00086A      1000       0  STRCODE     2


UNUSED ADDRESS RANGES

        Name                Unused          Largest block    Delta
        BANK0            0004B-0006F              25           1
        BANK1            000A0-000EF              50           1
        BANK2            00120-0016F              50           1
        BANK3            001A0-001EF              50           1
        BANK4            00220-0026F              50           1
        BANK5            002A0-002EF              50           1
        BANK6            00320-0032F              10           1
        BIGRAM           02000-021EF             1F0           1
        CODE             00004-003DD             3DA           2
                         0086A-00FFF             796
        COMMON           0007D-0007D               1           1
        CONST            00004-003DD             100           2
                         0086A-00FFF             100
        ENTRY            00004-003DD             100           2
                         0086A-00FFF             100
        IDLOC            08000-08003               4           2
        RAM              0004B-0006F              25           1
                         000A0-000EF              50
                         00120-0016F              50
                         001A0-001EF              50
                         00220-0026F              50
                         002A0-002EF              50
                         00320-0032F              10
        SFR0             00000-0001F              20           1
        SFR1             00080-0009F              20           1
        SFR10            00500-0056F              70           1
        SFR11            00580-005EF              70           1
        SFR12            00600-0066F              70           1
        SFR13            00680-006EF              70           1
        SFR14            00700-0076F              70           1
        SFR15            00780-007EF              70           1
        SFR16            00800-0086F              70           1
        SFR17            00880-008EF              70           1
        SFR18            00900-0096F              70           1
        SFR19            00980-009EF              70           1
        SFR2             00100-0011F              20           1
        SFR20            00A00-00A6F              70           1
        SFR21            00A80-00AEF              70           1
        SFR22            00B00-00B6F              70           1
        SFR23            00B80-00BEF              70           1
        SFR24            00C00-00C6F              70           1
        SFR25            00C80-00CEF              70           1
        SFR26            00D00-00D6F              70           1
        SFR27            00D80-00DEF              70           1
        SFR28            00E00-00E6F              70           1
        SFR29            00E80-00EEF              70           1
        SFR3             00180-0019F              20           1
        SFR30            00F00-00F6F              70           1
        SFR31            00F80-00FEF              70           1
        SFR4             00200-0021F              20           1
        SFR5             00280-0029F              20           1
        SFR6             00300-0031F              20           1
        SFR7             00380-003EF              70           1
        SFR8             00400-0046F              70           1
        SFR9             00480-004EF              70           1
        STACK            0202B-021EF             1C5           1
        STRCODE          00004-003DD             3DA           2
                         0086A-00FFF             796
        STRING           00004-003DD             100           2
                         0086A-00FFF             100

                                  Symbol Table

?_ADC_GetConversion                            cstackCOMMON 00070
ADC_GetConversion@channel                      cstackCOMMON 00073
EUSART_SetErrorHandler@interruptHandler        cstackCOMMON 00070
EUSART_SetFramingErrorHandler@interruptHandler cstackCOMMON 00070
EUSART_SetOverrunErrorHandler@interruptHandler cstackCOMMON 00070
I2C_Close@returnValue                          cstackCOMMON 00071
I2C_MasterOperation@read                       cstackCOMMON 00078
I2C_MasterOperation@returnValue                cstackCOMMON 00079
I2C_MasterSendTxData@data                      cstackCOMMON 00070
I2C_Open@address                               cstackCOMMON 00071
I2C_Open@returnValue                           cstackCOMMON 00072
I2C_SetBuffer@buffer                           cstackCOMMON 00073
I2C_SetBuffer@bufferSize                       cstackCOMMON 00070
I2C_SetCallback@cb                             cstackCOMMON 00070
I2C_SetCallback@idx                            cstackCOMMON 00074
I2C_SetCallback@ptr                            cstackCOMMON 00072
I2C_SetDataCompleteCallback@cb                 cstackCOMMON 00075
I2C_SetDataCompleteCallback@ptr                cstackCOMMON 00077
UART_send_char@bt                              cstackCOMMON 00070
UART_send_string@st_pt                         cstackCOMMON 00071
_ADCON0                                        (abs)        0009D
_ADCON0bits                                    (abs)        0009D
_ADCON1                                        (abs)        0009E
_ADCON2                                        (abs)        0009F
_ADC_GetConversion                             text60       0055D
_ADC_Initialize                                text12       00484
_ADRESH                                        (abs)        0009C
_ADRESL                                        (abs)        0009B
_ANSELA                                        (abs)        0018C
_ANSELB                                        (abs)        0018D
_ANSELC                                        (abs)        0018E
_BAUD1CON                                      (abs)        0019F
_BORCON                                        (abs)        0021D
_EUSART_DefaultErrorHandler                    (abs)        00000
_EUSART_DefaultFramingErrorHandler             (abs)        00000
_EUSART_DefaultOverrunErrorHandler             (abs)        00000
_EUSART_ErrorHandler                           nvBANK0      0003F
_EUSART_FramingErrorHandler                    nvBANK0      00043
_EUSART_Initialize                             text8        005B2
_EUSART_OverrunErrorHandler                    nvBANK0      00041
_EUSART_SetErrorHandler                        text11       0044C
_EUSART_SetFramingErrorHandler                 text10       00452
_EUSART_SetOverrunErrorHandler                 text9        00458
_I2C_CallbackReturnReset                       text47       003E0
_I2C_CallbackReturnStop                        text48       003DE
_I2C_Close                                     text56       00578
_I2C_DO_ADDRESS_NACK                           text20       00624
_I2C_DO_IDLE                                   text34       0040E
_I2C_DO_RCEN                                   text29       00464
_I2C_DO_RESET                                  text21       00436
_I2C_DO_RX                                     text30       006F3
_I2C_DO_RX_ACK                                 text24       00427
_I2C_DO_RX_NACK_RESTART                        text22       00431
_I2C_DO_RX_NACK_STOP                           text23       0042C
_I2C_DO_SEND_ADR_READ                          text33       0047B
_I2C_DO_SEND_ADR_WRITE                         text32       0046B
_I2C_DO_SEND_RESTART                           text26       0041D
_I2C_DO_SEND_RESTART_READ                      text28       00413
_I2C_DO_SEND_RESTART_WRITE                     text27       00418
_I2C_DO_SEND_STOP                              text25       00422
_I2C_DO_TX                                     text31       00739
_I2C_DO_TX_EMPTY                               text35       00650
_I2C_Initialize                                text7        0048D
_I2C_MasterClearIrq                            text59       003E2
_I2C_MasterClose                               text58       003E5
_I2C_MasterDisableIrq                          text57       003E8
_I2C_MasterEnableRestart                       text54       003EE
_I2C_MasterFsm                                 text19       005F9
_I2C_MasterGetRxData                           text40       003F7
_I2C_MasterIsNack                              text37       00440
_I2C_MasterOpen                                text14       004BA
_I2C_MasterOperation                           text16       00594
_I2C_MasterRead                                text15       0043B
_I2C_MasterSendAck                             text39       00401
_I2C_MasterSendNack                            text41       003FD
_I2C_MasterSendTxData                          text38       00409
_I2C_MasterSetIrq                              text36       003FA
_I2C_MasterStart                               text55       003EB
_I2C_MasterStartRx                             text42       003F4
_I2C_MasterStop                                text53       003F1
_I2C_MasterWaitForEvent                        text18       00446
_I2C_Open                                      text13       0067F
_I2C_Poller                                    text17       004AD
_I2C_SetBuffer                                 text52       004C7
_I2C_SetCallback                               text51       005D3
_I2C_SetDataCompleteCallback                   text50       004A0
_I2C_Status                                    bssBANK0     00020
_INLVLA                                        (abs)        0038C
_INLVLB                                        (abs)        0038D
_INLVLC                                        (abs)        0038E
_INTCONbits                                    (abs)        0000B
_LATA                                          (abs)        0010C
_LATB                                          (abs)        0010D
_LATC                                          (abs)        0010E
_ODCONA                                        (abs)        0028C
_ODCONB                                        (abs)        0028D
_ODCONC                                        (abs)        0028E
_OPTION_REGbits                                (abs)        00095
_OSCCON                                        (abs)        00099
_OSCILLATOR_Initialize                         text6        00473
_OSCSTAT                                       (abs)        0009A
_OSCTUNE                                       (abs)        00098
_PIE1bits                                      (abs)        00091
_PIN_MANAGER_Initialize                        text5        006B9
_PIR1bits                                      (abs)        00011
_PIR2bits                                      (abs)        00012
_PMADRH                                        (abs)        00192
_PMADRL                                        (abs)        00191
_PMCON1bits                                    (abs)        00195
_PMCON2                                        (abs)        00196
_PMDATH                                        (abs)        00194
_PMDATL                                        (abs)        00193
_RB4PPS                                        (abs)        00E9C
_RB6PPS                                        (abs)        00E9E
_RB7PPS                                        (abs)        00E9F
_RC1REG                                        (abs)        00199
_RC1STA                                        (abs)        0019D
_RC1STAbits                                    (abs)        0019D
_RXPPS                                         (abs)        00E24
_SLRCONA                                       (abs)        0030C
_SLRCONB                                       (abs)        0030D
_SLRCONC                                       (abs)        0030E
_SPBRGH                                        (abs)        0019C
_SPBRGL                                        (abs)        0019B
_SSP1ADD                                       (abs)        00212
_SSP1BUF                                       (abs)        00211
_SSP1CON1                                      (abs)        00215
_SSP1CON1bits                                  (abs)        00215
_SSP1CON2                                      (abs)        00216
_SSP1CON2bits                                  (abs)        00216
_SSP1STAT                                      (abs)        00214
_SSP1STATbits                                  (abs)        00214
_SSPCLKPPS                                     (abs)        00E20
_SSPDATPPS                                     (abs)        00E21
_SYSTEM_Initialize                             text3        0051B
_TRISA                                         (abs)        0008C
_TRISB                                         (abs)        0008D
_TRISC                                         (abs)        0008E
_TX1REG                                        (abs)        0019A
_TX1STA                                        (abs)        0019E
_TX1STAbits                                    (abs)        0019E
_TXIF                                          (abs)        0008C
_TXREG                                         (abs)        0019A
_UART_send_char                                text2        00496
_UART_send_string                              text1        0052E
_WDTCON                                        (abs)        00097
_WDT_Initialize                                text4        00405
_WPUA                                          (abs)        0020C
_WPUB                                          (abs)        0020D
_WPUC                                          (abs)        0020E
__Habs1                                        abs1         00000
__Hbank0                                       bank0        00000
__Hbank1                                       bank1        00000
__Hbank10                                      bank10       00000
__Hbank11                                      bank11       00000
__Hbank12                                      bank12       00000
__Hbank13                                      bank13       00000
__Hbank14                                      bank14       00000
__Hbank15                                      bank15       00000
__Hbank16                                      bank16       00000
__Hbank17                                      bank17       00000
__Hbank18                                      bank18       00000
__Hbank19                                      bank19       00000
__Hbank2                                       bank2        00000
__Hbank20                                      bank20       00000
__Hbank21                                      bank21       00000
__Hbank22                                      bank22       00000
__Hbank23                                      bank23       00000
__Hbank24                                      bank24       00000
__Hbank25                                      bank25       00000
__Hbank26                                      bank26       00000
__Hbank27                                      bank27       00000
__Hbank28                                      bank28       00000
__Hbank29                                      bank29       00000
__Hbank3                                       bank3        00000
__Hbank30                                      bank30       00000
__Hbank31                                      bank31       00000
__Hbank4                                       bank4        00000
__Hbank5                                       bank5        00000
__Hbank6                                       bank6        00000
__Hbank7                                       bank7        00000
__Hbank8                                       bank8        00000
__Hbank9                                       bank9        00000
__Hbigram                                      bigram       00000
__HbssBANK0                                    bssBANK0     00000
__HbssCOMMON                                   bssCOMMON    00000
__Hcinit                                       cinit        00800
__Hclrtext                                     clrtext      00000
__Hcode                                        code         00000
__Hcommon                                      common       00000
__Hconfig                                      config       08009
__HcstackBANK0                                 cstackBANK0  00000
__HcstackCOMMON                                cstackCOMMON 00000
__Heeprom_data                                 eeprom_data  00000
__Hend_init                                    end_init     00004
__Hfunctab                                     functab      00000
__Hinit                                        init         00002
__Hintentry                                    intentry     00002
__Hmaintext                                    maintext     00000
__HnvBANK0                                     nvBANK0      00000
__Hpowerup                                     powerup      00000
__Hram                                         ram          00000
__Hreset_vec                                   reset_vec    00002
__Hsfr0                                        sfr0         00000
__Hsfr1                                        sfr1         00000
__Hsfr10                                       sfr10        00000
__Hsfr11                                       sfr11        00000
__Hsfr12                                       sfr12        00000
__Hsfr13                                       sfr13        00000
__Hsfr14                                       sfr14        00000
__Hsfr15                                       sfr15        00000
__Hsfr16                                       sfr16        00000
__Hsfr17                                       sfr17        00000
__Hsfr18                                       sfr18        00000
__Hsfr19                                       sfr19        00000
__Hsfr2                                        sfr2         00000
__Hsfr20                                       sfr20        00000
__Hsfr21                                       sfr21        00000
__Hsfr22                                       sfr22        00000
__Hsfr23                                       sfr23        00000
__Hsfr24                                       sfr24        00000
__Hsfr25                                       sfr25        00000
__Hsfr26                                       sfr26        00000
__Hsfr27                                       sfr27        00000
__Hsfr28                                       sfr28        00000
__Hsfr29                                       sfr29        00000
__Hsfr3                                        sfr3         00000
__Hsfr30                                       sfr30        00000
__Hsfr31                                       sfr31        00000
__Hsfr4                                        sfr4         00000
__Hsfr5                                        sfr5         00000
__Hsfr6                                        sfr6         00000
__Hsfr7                                        sfr7         00000
__Hsfr8                                        sfr8         00000
__Hsfr9                                        sfr9         00000
__Hspace_0                                     (abs)        0086A
__Hspace_1                                     (abs)        0007D
__Hspace_2                                     (abs)        00000
__Hspace_3                                     (abs)        00000
__Hspace_4                                     (abs)        10010
__Hstack                                       stack        00000
__Hstrings                                     strings      00000
__Hstringtext1                                 stringtext1  00000
__Hstringtext2                                 stringtext2  00000
__Hstringtext3                                 stringtext3  00000
__Hstringtext4                                 stringtext4  00000
__Htext                                        text         00000
__Labs1                                        abs1         00000
__Lbank0                                       bank0        00000
__Lbank1                                       bank1        00000
__Lbank10                                      bank10       00000
__Lbank11                                      bank11       00000
__Lbank12                                      bank12       00000
__Lbank13                                      bank13       00000
__Lbank14                                      bank14       00000
__Lbank15                                      bank15       00000
__Lbank16                                      bank16       00000
__Lbank17                                      bank17       00000
__Lbank18                                      bank18       00000
__Lbank19                                      bank19       00000
__Lbank2                                       bank2        00000
__Lbank20                                      bank20       00000
__Lbank21                                      bank21       00000
__Lbank22                                      bank22       00000
__Lbank23                                      bank23       00000
__Lbank24                                      bank24       00000
__Lbank25                                      bank25       00000
__Lbank26                                      bank26       00000
__Lbank27                                      bank27       00000
__Lbank28                                      bank28       00000
__Lbank29                                      bank29       00000
__Lbank3                                       bank3        00000
__Lbank30                                      bank30       00000
__Lbank31                                      bank31       00000
__Lbank4                                       bank4        00000
__Lbank5                                       bank5        00000
__Lbank6                                       bank6        00000
__Lbank7                                       bank7        00000
__Lbank8                                       bank8        00000
__Lbank9                                       bank9        00000
__Lbigram                                      bigram       00000
__LbssBANK0                                    bssBANK0     00000
__LbssCOMMON                                   bssCOMMON    00000
__Lcinit                                       cinit        007F4
__Lclrtext                                     clrtext      00000
__Lcode                                        code         00000
__Lcommon                                      common       00000
__Lconfig                                      config       00000
__LcstackBANK0                                 cstackBANK0  00000
__LcstackCOMMON                                cstackCOMMON 00000
__Leeprom_data                                 eeprom_data  00000
__Lend_init                                    end_init     00002
__Lfunctab                                     functab      00000
__Linit                                        init         00002
__Lintentry                                    intentry     00002
__Lmaintext                                    maintext     00000
__LnvBANK0                                     nvBANK0      00000
__Lpowerup                                     powerup      00000
__Lram                                         ram          00000
__Lreset_vec                                   reset_vec    00000
__Lsfr0                                        sfr0         00000
__Lsfr1                                        sfr1         00000
__Lsfr10                                       sfr10        00000
__Lsfr11                                       sfr11        00000
__Lsfr12                                       sfr12        00000
__Lsfr13                                       sfr13        00000
__Lsfr14                                       sfr14        00000
__Lsfr15                                       sfr15        00000
__Lsfr16                                       sfr16        00000
__Lsfr17                                       sfr17        00000
__Lsfr18                                       sfr18        00000
__Lsfr19                                       sfr19        00000
__Lsfr2                                        sfr2         00000
__Lsfr20                                       sfr20        00000
__Lsfr21                                       sfr21        00000
__Lsfr22                                       sfr22        00000
__Lsfr23                                       sfr23        00000
__Lsfr24                                       sfr24        00000
__Lsfr25                                       sfr25        00000
__Lsfr26                                       sfr26        00000
__Lsfr27                                       sfr27        00000
__Lsfr28                                       sfr28        00000
__Lsfr29                                       sfr29        00000
__Lsfr3                                        sfr3         00000
__Lsfr30                                       sfr30        00000
__Lsfr31                                       sfr31        00000
__Lsfr4                                        sfr4         00000
__Lsfr5                                        sfr5         00000
__Lsfr6                                        sfr6         00000
__Lsfr7                                        sfr7         00000
__Lsfr8                                        sfr8         00000
__Lsfr9                                        sfr9         00000
__Lspace_0                                     (abs)        00000
__Lspace_1                                     (abs)        00000
__Lspace_2                                     (abs)        00000
__Lspace_3                                     (abs)        00000
__Lspace_4                                     (abs)        00000
__Lstack                                       stack        00000
__Lstrings                                     strings      00000
__Lstringtext1                                 stringtext1  00000
__Lstringtext2                                 stringtext2  00000
__Lstringtext3                                 stringtext3  00000
__Lstringtext4                                 stringtext4  00000
__Ltext                                        text         00000
__S0                                           (abs)        0086A
__S1                                           (abs)        0007D
__S2                                           (abs)        00000
___int_sp                                      stack        00000
___latbits                                     (abs)        00001
___sp                                          stack        00000
___stackhi                                     (abs)        021EF
___stacklo                                     (abs)        0202B
__end_of_ADC_GetConversion                     text60       00578
__end_of_ADC_Initialize                        text12       0048D
__end_of_EUSART_Initialize                     text8        005D3
__end_of_EUSART_SetErrorHandler                text11       00452
__end_of_EUSART_SetFramingErrorHandler         text10       00458
__end_of_EUSART_SetOverrunErrorHandler         text9        0045E
__end_of_I2C_CallbackReturnReset               text47       003E2
__end_of_I2C_CallbackReturnStop                text48       003E0
__end_of_I2C_Close                             text56       00594
__end_of_I2C_DO_ADDRESS_NACK                   text20       00650
__end_of_I2C_DO_IDLE                           text34       00413
__end_of_I2C_DO_RCEN                           text29       0046B
__end_of_I2C_DO_RESET                          text21       0043B
__end_of_I2C_DO_RX                             text30       00739
__end_of_I2C_DO_RX_ACK                         text24       0042C
__end_of_I2C_DO_RX_NACK_RESTART                text22       00436
__end_of_I2C_DO_RX_NACK_STOP                   text23       00431
__end_of_I2C_DO_SEND_ADR_READ                  text33       00484
__end_of_I2C_DO_SEND_ADR_WRITE                 text32       00473
__end_of_I2C_DO_SEND_RESTART                   text26       00422
__end_of_I2C_DO_SEND_RESTART_READ              text28       00418
__end_of_I2C_DO_SEND_RESTART_WRITE             text27       0041D
__end_of_I2C_DO_SEND_STOP                      text25       00427
__end_of_I2C_DO_TX                             text31       0078E
__end_of_I2C_DO_TX_EMPTY                       text35       0067F
__end_of_I2C_Initialize                        text7        00496
__end_of_I2C_MasterClearIrq                    text59       003E5
__end_of_I2C_MasterClose                       text58       003E8
__end_of_I2C_MasterDisableIrq                  text57       003EB
__end_of_I2C_MasterEnableRestart               text54       003F1
__end_of_I2C_MasterFsm                         text19       00624
__end_of_I2C_MasterGetRxData                   text40       003FA
__end_of_I2C_MasterIsNack                      text37       00446
__end_of_I2C_MasterOpen                        text14       004C7
__end_of_I2C_MasterOperation                   text16       005B2
__end_of_I2C_MasterRead                        text15       00440
__end_of_I2C_MasterSendAck                     text39       00405
__end_of_I2C_MasterSendNack                    text41       00401
__end_of_I2C_MasterSendTxData                  text38       0040E
__end_of_I2C_MasterSetIrq                      text36       003FD
__end_of_I2C_MasterStart                       text55       003EE
__end_of_I2C_MasterStartRx                     text42       003F7
__end_of_I2C_MasterStop                        text53       003F4
__end_of_I2C_MasterWaitForEvent                text18       0044C
__end_of_I2C_Open                              text13       006B9
__end_of_I2C_Poller                            text17       004BA
__end_of_I2C_SetBuffer                         text52       004D7
__end_of_I2C_SetCallback                       text51       005F9
__end_of_I2C_SetDataCompleteCallback           text50       004AD
__end_of_OSCILLATOR_Initialize                 text6        0047B
__end_of_PIN_MANAGER_Initialize                text5        006F3
__end_of_SYSTEM_Initialize                     text3        0052E
__end_of_UART_send_char                        text2        004A0
__end_of_UART_send_string                      text1        00545
__end_of_WDT_Initialize                        text4        00409
__end_of__initialization                       cinit        007FD
__end_of_i2c_fsmStateTable                     stringtext1  0086A
__end_of_main                                  maintext     007F4
__end_of_rd1RegCompleteHandler                 text46       004F9
__end_of_rd2RegCompleteHandler                 text45       0050A
__end_of_rdBlkRegCompleteHandler               text43       0055D
__end_of_wr1RegCompleteHandler                 text44       0051B
__end_of_wr2RegCompleteHandler                 text49       004E8
__initialization                               cinit        007F4
__pbssBANK0                                    bssBANK0     00020
__pbssCOMMON                                   bssCOMMON    0007C
__pcstackBANK0                                 cstackBANK0  00045
__pcstackCOMMON                                cstackCOMMON 00070
__pmaintext                                    maintext     0078E
__pnvBANK0                                     nvBANK0      0003F
__pstringtext1                                 stringtext1  0084A
__pstringtext2                                 stringtext2  00800
__pstringtext3                                 stringtext3  00825
__pstringtext4                                 stringtext4  00000
__ptext1                                       text1        0052E
__ptext10                                      text10       00452
__ptext11                                      text11       0044C
__ptext12                                      text12       00484
__ptext13                                      text13       0067F
__ptext14                                      text14       004BA
__ptext15                                      text15       0043B
__ptext16                                      text16       00594
__ptext17                                      text17       004AD
__ptext18                                      text18       00446
__ptext19                                      text19       005F9
__ptext2                                       text2        00496
__ptext20                                      text20       00624
__ptext21                                      text21       00436
__ptext22                                      text22       00431
__ptext23                                      text23       0042C
__ptext24                                      text24       00427
__ptext25                                      text25       00422
__ptext26                                      text26       0041D
__ptext27                                      text27       00418
__ptext28                                      text28       00413
__ptext29                                      text29       00464
__ptext3                                       text3        0051B
__ptext30                                      text30       006F3
__ptext31                                      text31       00739
__ptext32                                      text32       0046B
__ptext33                                      text33       0047B
__ptext34                                      text34       0040E
__ptext35                                      text35       00650
__ptext36                                      text36       003FA
__ptext37                                      text37       00440
__ptext38                                      text38       00409
__ptext39                                      text39       00401
__ptext4                                       text4        00405
__ptext40                                      text40       003F7
__ptext41                                      text41       003FD
__ptext42                                      text42       003F4
__ptext43                                      text43       00545
__ptext44                                      text44       0050A
__ptext45                                      text45       004F9
__ptext46                                      text46       004E8
__ptext47                                      text47       003E0
__ptext48                                      text48       003DE
__ptext49                                      text49       004D7
__ptext5                                       text5        006B9
__ptext50                                      text50       004A0
__ptext51                                      text51       005D3
__ptext52                                      text52       004C7
__ptext53                                      text53       003F1
__ptext54                                      text54       003EE
__ptext55                                      text55       003EB
__ptext56                                      text56       00578
__ptext57                                      text57       003E8
__ptext58                                      text58       003E5
__ptext59                                      text59       003E2
__ptext6                                       text6        00473
__ptext60                                      text60       0055D
__ptext7                                       text7        0048D
__ptext8                                       text8        005B2
__ptext9                                       text9        00458
__size_of_ADC_GetConversion                    (abs)        00000
__size_of_ADC_Initialize                       (abs)        00000
__size_of_EUSART_Initialize                    (abs)        00000
__size_of_EUSART_SetErrorHandler               (abs)        00000
__size_of_EUSART_SetFramingErrorHandler        (abs)        00000
__size_of_EUSART_SetOverrunErrorHandler        (abs)        00000
__size_of_I2C_CallbackReturnReset              (abs)        00000
__size_of_I2C_CallbackReturnStop               (abs)        00000
__size_of_I2C_Close                            (abs)        00000
__size_of_I2C_DO_ADDRESS_NACK                  (abs)        00000
__size_of_I2C_DO_IDLE                          (abs)        00000
__size_of_I2C_DO_RCEN                          (abs)        00000
__size_of_I2C_DO_RESET                         (abs)        00000
__size_of_I2C_DO_RX                            (abs)        00000
__size_of_I2C_DO_RX_ACK                        (abs)        00000
__size_of_I2C_DO_RX_NACK_RESTART               (abs)        00000
__size_of_I2C_DO_RX_NACK_STOP                  (abs)        00000
__size_of_I2C_DO_SEND_ADR_READ                 (abs)        00000
__size_of_I2C_DO_SEND_ADR_WRITE                (abs)        00000
__size_of_I2C_DO_SEND_RESTART                  (abs)        00000
__size_of_I2C_DO_SEND_RESTART_READ             (abs)        00000
__size_of_I2C_DO_SEND_RESTART_WRITE            (abs)        00000
__size_of_I2C_DO_SEND_STOP                     (abs)        00000
__size_of_I2C_DO_TX                            (abs)        00000
__size_of_I2C_DO_TX_EMPTY                      (abs)        00000
__size_of_I2C_Initialize                       (abs)        00000
__size_of_I2C_MasterClearIrq                   (abs)        00000
__size_of_I2C_MasterClose                      (abs)        00000
__size_of_I2C_MasterDisableIrq                 (abs)        00000
__size_of_I2C_MasterEnableRestart              (abs)        00000
__size_of_I2C_MasterFsm                        (abs)        00000
__size_of_I2C_MasterGetRxData                  (abs)        00000
__size_of_I2C_MasterIsNack                     (abs)        00000
__size_of_I2C_MasterOpen                       (abs)        00000
__size_of_I2C_MasterOperation                  (abs)        00000
__size_of_I2C_MasterRead                       (abs)        00000
__size_of_I2C_MasterSendAck                    (abs)        00000
__size_of_I2C_MasterSendNack                   (abs)        00000
__size_of_I2C_MasterSendTxData                 (abs)        00000
__size_of_I2C_MasterSetIrq                     (abs)        00000
__size_of_I2C_MasterStart                      (abs)        00000
__size_of_I2C_MasterStartRx                    (abs)        00000
__size_of_I2C_MasterStop                       (abs)        00000
__size_of_I2C_MasterWaitForEvent               (abs)        00000
__size_of_I2C_Open                             (abs)        00000
__size_of_I2C_Poller                           (abs)        00000
__size_of_I2C_SetBuffer                        (abs)        00000
__size_of_I2C_SetCallback                      (abs)        00000
__size_of_I2C_SetDataCompleteCallback          (abs)        00000
__size_of_OSCILLATOR_Initialize                (abs)        00000
__size_of_PIN_MANAGER_Initialize               (abs)        00000
__size_of_SYSTEM_Initialize                    (abs)        00000
__size_of_UART_send_char                       (abs)        00000
__size_of_UART_send_string                     (abs)        00000
__size_of_WDT_Initialize                       (abs)        00000
__size_of_main                                 (abs)        00000
__size_of_rd1RegCompleteHandler                (abs)        00000
__size_of_rd2RegCompleteHandler                (abs)        00000
__size_of_rdBlkRegCompleteHandler              (abs)        00000
__size_of_wr1RegCompleteHandler                (abs)        00000
__size_of_wr2RegCompleteHandler                (abs)        00000
_eusartRxLastError                             bssCOMMON    0007C
_i2c_fsmStateTable                             stringtext1  0084A
_main                                          maintext     0078E
_rd1RegCompleteHandler                         text46       004E8
_rd2RegCompleteHandler                         text45       004F9
_rdBlkRegCompleteHandler                       text43       00545
_wr1RegCompleteHandler                         text44       0050A
_wr2RegCompleteHandler                         text49       004D7
btemp                                          (abs)        0007E
clear_ram0                                     clrtext      0045E
end_of_initialization                          cinit        007FD
intlevel0                                      functab      00000
intlevel1                                      functab      00000
intlevel2                                      functab      00000
intlevel3                                      functab      00000
intlevel4                                      functab      00000
intlevel5                                      functab      00000
main@convertedValue                            cstackBANK0  00049
main@str                                       cstackBANK0  00045
main@str_535                                   cstackBANK0  00047
rd1RegCompleteHandler@ptr                      cstackCOMMON 00079
rd2RegCompleteHandler@ptr                      cstackCOMMON 00079
rdBlkRegCompleteHandler@ptr                    cstackCOMMON 00079
reset_vec                                      reset_vec    00000
start                                          init         00002
start_initialization                           cinit        007F4
wr1RegCompleteHandler@ptr                      cstackCOMMON 00079
wr2RegCompleteHandler@ptr                      cstackCOMMON 00079
wtemp0                                         (abs)        0007E


FUNCTION INFORMATION:

 *************** function _main *****************
 Defined at:
		line 76 in file "main.c"
 Parameters:    Size  Location     Type
		None
 Auto vars:     Size  Location     Type
  str             2    2[BANK0 ] PTR unsigned char 
		 -> STR_2(37), 
  str             2    0[BANK0 ] PTR unsigned char 
		 -> STR_1(37), 
  convertedVal    2    4[BANK0 ] unsigned short 
 Return value:  Size  Location     Type
                  1    wreg      void 
 Registers used:
		wreg, fsr0l, fsr0h, fsr1l, fsr1h, status,2, status,0, pclath, cstack
 Tracked objects:
		On entry : 
		On exit  : 
		Unchanged: 
 Data sizes:     COMMON   BANK0   BANK1   BANK2   BANK3   BANK4   BANK5   BANK6
      Params:         0       0       0       0       0       0       0       0
      Locals:         0       6       0       0       0       0       0       0
      Temps:          2       0       0       0       0       0       0       0
      Totals:         2       6       0       0       0       0       0       0
Total ram usage:        8 bytes
 Hardware stack levels required when called:    8
 This function calls:
		_ADC_GetConversion
		_ADC_Initialize
		_I2C_Close
		_I2C_Initialize
		_I2C_MasterRead
		_I2C_Open
		_SYSTEM_Initialize
		_UART_send_string
 This function is called by:
		Startup code after reset
 This function uses a non-reentrant model


 *************** function _UART_send_string *****************
 Defined at:
		line 67 in file "main.c"
 Parameters:    Size  Location     Type
  st_pt           2    1[COMMON] PTR unsigned char 
		 -> STR_2(37), STR_1(37), 
 Auto vars:     Size  Location     Type
		None
 Return value:  Size  Location     Type
                  1    wreg      void 
 Registers used:
		wreg, fsr0l, fsr0h, status,2, status,0, pclath, cstack
 Tracked objects:
		On entry : 
		On exit  : 
		Unchanged: 
 Data sizes:     COMMON   BANK0   BANK1   BANK2   BANK3   BANK4   BANK5   BANK6
      Params:         2       0       0       0       0       0       0       0
      Locals:         0       0       0       0       0       0       0       0
      Temps:          1       0       0       0       0       0       0       0
      Totals:         3       0       0       0       0       0       0       0
Total ram usage:        3 bytes
 Hardware stack levels used:    1
 Hardware stack levels required when called:    1
 This function calls:
		_UART_send_char
 This function is called by:
		_main
 This function uses a non-reentrant model


 *************** function _UART_send_char *****************
 Defined at:
		line 59 in file "main.c"
 Parameters:    Size  Location     Type
  bt              1    wreg     unsigned char 
 Auto vars:     Size  Location     Type
  bt              1    0[COMMON] unsigned char 
 Return value:  Size  Location     Type
                  1    wreg      void 
 Registers used:
		wreg
 Tracked objects:
		On entry : 
		On exit  : 
		Unchanged: 
 Data sizes:     COMMON   BANK0   BANK1   BANK2   BANK3   BANK4   BANK5   BANK6
      Params:         0       0       0       0       0       0       0       0
      Locals:         1       0       0       0       0       0       0       0
      Temps:          0       0       0       0       0       0       0       0
      Totals:         1       0       0       0       0       0       0       0
Total ram usage:        1 bytes
 Hardware stack levels used:    1
 This function calls:
		Nothing
 This function is called by:
		_UART_send_string
 This function uses a non-reentrant model


 *************** function _SYSTEM_Initialize *****************
 Defined at:
		line 50 in file "mcc_generated_files/mcc.c"
 Parameters:    Size  Location     Type
		None
 Auto vars:     Size  Location     Type
		None
 Return value:  Size  Location     Type
                  1    wreg      void 
 Registers used:
		wreg, status,2, status,0, pclath, cstack
 Tracked objects:
		On entry : 
		On exit  : 
		Unchanged: 
 Data sizes:     COMMON   BANK0   BANK1   BANK2   BANK3   BANK4   BANK5   BANK6
      Params:         0       0       0       0       0       0       0       0
      Locals:         0       0       0       0       0       0       0       0
      Temps:          0       0       0       0       0       0       0       0
      Totals:         0       0       0       0       0       0       0       0
Total ram usage:        0 bytes
 Hardware stack levels used:    1
 Hardware stack levels required when called:    2
 This function calls:
		_ADC_Initialize
		_EUSART_Initialize
		_I2C_Initialize
		_OSCILLATOR_Initialize
		_PIN_MANAGER_Initialize
		_WDT_Initialize
 This function is called by:
		_main
 This function uses a non-reentrant model


 *************** function _WDT_Initialize *****************
 Defined at:
		line 73 in file "mcc_generated_files/mcc.c"
 Parameters:    Size  Location     Type
		None
 Auto vars:     Size  Location     Type
		None
 Return value:  Size  Location     Type
                  1    wreg      void 
 Registers used:
		wreg
 Tracked objects:
		On entry : 
		On exit  : 
		Unchanged: 
 Data sizes:     COMMON   BANK0   BANK1   BANK2   BANK3   BANK4   BANK5   BANK6
      Params:         0       0       0       0       0       0       0       0
      Locals:         0       0       0       0       0       0       0       0
      Temps:          0       0       0       0       0       0       0       0
      Totals:         0       0       0       0       0       0       0       0
Total ram usage:        0 bytes
 Hardware stack levels used:    1
 This function calls:
		Nothing
 This function is called by:
		_SYSTEM_Initialize
 This function uses a non-reentrant model


 *************** function _PIN_MANAGER_Initialize *****************
 Defined at:
		line 55 in file "mcc_generated_files/pin_manager.c"
 Parameters:    Size  Location     Type
		None
 Auto vars:     Size  Location     Type
		None
 Return value:  Size  Location     Type
                  1    wreg      void 
 Registers used:
		wreg, status,2
 Tracked objects:
		On entry : 
		On exit  : 
		Unchanged: 
 Data sizes:     COMMON   BANK0   BANK1   BANK2   BANK3   BANK4   BANK5   BANK6
      Params:         0       0       0       0       0       0       0       0
      Locals:         0       0       0       0       0       0       0       0
      Temps:          0       0       0       0       0       0       0       0
      Totals:         0       0       0       0       0       0       0       0
Total ram usage:        0 bytes
 Hardware stack levels used:    1
 This function calls:
		Nothing
 This function is called by:
		_SYSTEM_Initialize
 This function uses a non-reentrant model


 *************** function _OSCILLATOR_Initialize *****************
 Defined at:
		line 61 in file "mcc_generated_files/mcc.c"
 Parameters:    Size  Location     Type
		None
 Auto vars:     Size  Location     Type
		None
 Return value:  Size  Location     Type
                  1    wreg      void 
 Registers used:
		wreg, status,2
 Tracked objects:
		On entry : 
		On exit  : 
		Unchanged: 
 Data sizes:     COMMON   BANK0   BANK1   BANK2   BANK3   BANK4   BANK5   BANK6
      Params:         0       0       0       0       0       0       0       0
      Locals:         0       0       0       0       0       0       0       0
      Temps:          0       0       0       0       0       0       0       0
      Totals:         0       0       0       0       0       0       0       0
Total ram usage:        0 bytes
 Hardware stack levels used:    1
 This function calls:
		Nothing
 This function is called by:
		_SYSTEM_Initialize
 This function uses a non-reentrant model


 *************** function _I2C_Initialize *****************
 Defined at:
		line 167 in file "mcc_generated_files/i2c_master.c"
 Parameters:    Size  Location     Type
		None
 Auto vars:     Size  Location     Type
		None
 Return value:  Size  Location     Type
                  1    wreg      void 
 Registers used:
		wreg, status,2
 Tracked objects:
		On entry : 
		On exit  : 
		Unchanged: 
 Data sizes:     COMMON   BANK0   BANK1   BANK2   BANK3   BANK4   BANK5   BANK6
      Params:         0       0       0       0       0       0       0       0
      Locals:         0       0       0       0       0       0       0       0
      Temps:          0       0       0       0       0       0       0       0
      Totals:         0       0       0       0       0       0       0       0
Total ram usage:        0 bytes
 Hardware stack levels used:    1
 This function calls:
		Nothing
 This function is called by:
		_SYSTEM_Initialize
		_main
 This function uses a non-reentrant model


 *************** function _EUSART_Initialize *****************
 Defined at:
		line 66 in file "mcc_generated_files/eusart.c"
 Parameters:    Size  Location     Type
		None
 Auto vars:     Size  Location     Type
		None
 Return value:  Size  Location     Type
                  1    wreg      void 
 Registers used:
		wreg, status,2, status,0, pclath, cstack
 Tracked objects:
		On entry : 
		On exit  : 
		Unchanged: 
 Data sizes:     COMMON   BANK0   BANK1   BANK2   BANK3   BANK4   BANK5   BANK6
      Params:         0       0       0       0       0       0       0       0
      Locals:         0       0       0       0       0       0       0       0
      Temps:          0       0       0       0       0       0       0       0
      Totals:         0       0       0       0       0       0       0       0
Total ram usage:        0 bytes
 Hardware stack levels used:    1
 Hardware stack levels required when called:    1
 This function calls:
		_EUSART_SetErrorHandler
		_EUSART_SetFramingErrorHandler
		_EUSART_SetOverrunErrorHandler
 This function is called by:
		_SYSTEM_Initialize
 This function uses a non-reentrant model


 *************** function _EUSART_SetOverrunErrorHandler *****************
 Defined at:
		line 161 in file "mcc_generated_files/eusart.c"
 Parameters:    Size  Location     Type
  interruptHan    2    0[COMMON] PTR FTN()void 
		 -> EUSART_DefaultOverrunErrorHandler(1), 
 Auto vars:     Size  Location     Type
		None
 Return value:  Size  Location     Type
                  1    wreg      void 
 Registers used:
		wreg
 Tracked objects:
		On entry : 
		On exit  : 
		Unchanged: 
 Data sizes:     COMMON   BANK0   BANK1   BANK2   BANK3   BANK4   BANK5   BANK6
      Params:         2       0       0       0       0       0       0       0
      Locals:         0       0       0       0       0       0       0       0
      Temps:          0       0       0       0       0       0       0       0
      Totals:         2       0       0       0       0       0       0       0
Total ram usage:        2 bytes
 Hardware stack levels used:    1
 This function calls:
		Nothing
 This function is called by:
		_EUSART_Initialize
 This function uses a non-reentrant model


 *************** function _EUSART_SetFramingErrorHandler *****************
 Defined at:
		line 157 in file "mcc_generated_files/eusart.c"
 Parameters:    Size  Location     Type
  interruptHan    2    0[COMMON] PTR FTN()void 
		 -> EUSART_DefaultFramingErrorHandler(1), 
 Auto vars:     Size  Location     Type
		None
 Return value:  Size  Location     Type
                  1    wreg      void 
 Registers used:
		wreg
 Tracked objects:
		On entry : 
		On exit  : 
		Unchanged: 
 Data sizes:     COMMON   BANK0   BANK1   BANK2   BANK3   BANK4   BANK5   BANK6
      Params:         2       0       0       0       0       0       0       0
      Locals:         0       0       0       0       0       0       0       0
      Temps:          0       0       0       0       0       0       0       0
      Totals:         2       0       0       0       0       0       0       0
Total ram usage:        2 bytes
 Hardware stack levels used:    1
 This function calls:
		Nothing
 This function is called by:
		_EUSART_Initialize
 This function uses a non-reentrant model


 *************** function _EUSART_SetErrorHandler *****************
 Defined at:
		line 165 in file "mcc_generated_files/eusart.c"
 Parameters:    Size  Location     Type
  interruptHan    2    0[COMMON] PTR FTN()void 
		 -> EUSART_DefaultErrorHandler(1), 
 Auto vars:     Size  Location     Type
		None
 Return value:  Size  Location     Type
                  1    wreg      void 
 Registers used:
		wreg
 Tracked objects:
		On entry : 
		On exit  : 
		Unchanged: 
 Data sizes:     COMMON   BANK0   BANK1   BANK2   BANK3   BANK4   BANK5   BANK6
      Params:         2       0       0       0       0       0       0       0
      Locals:         0       0       0       0       0       0       0       0
      Temps:          0       0       0       0       0       0       0       0
      Totals:         2       0       0       0       0       0       0       0
Total ram usage:        2 bytes
 Hardware stack levels used:    1
 This function calls:
		Nothing
 This function is called by:
		_EUSART_Initialize
 This function uses a non-reentrant model


 *************** function _ADC_Initialize *****************
 Defined at:
		line 67 in file "mcc_generated_files/adc.c"
 Parameters:    Size  Location     Type
		None
[...]
		wreg
 Tracked objects:
		On entry : 
		On exit  : 
		Unchanged: 
 Data sizes:     COMMON   BANK0   BANK1   BANK2   BANK3   BANK4   BANK5   BANK6
      Params:         1       0       0       0       0       0       0       0
      Locals:         0       0       0       0       0       0       0       0
      Temps:          0       0       0       0       0       0       0       0
      Totals:         1       0       0       0       0       0       0       0
Total ram usage:        1 bytes
 Hardware stack levels used:    1
 This function calls:
		Nothing
 This function is called by:
		_I2C_Open
		_I2C_SetCallback
		_I2C_DO_TX
		_I2C_DO_RX
		_I2C_DO_TX_EMPTY
		_I2C_DO_ADDRESS_NACK
		_I2C_DO_RX_EMPTY
 This function uses a non-reentrant model


 *************** function _wr2RegCompleteHandler *****************
 Defined at:
		line 163 in file "mcc_generated_files/examples/i2c_master_example.c"
 Parameters:    Size  Location     Type
  ptr             1    9[COMMON] PTR void 
		 -> I2C_ReadDataBlock@bufferBlock(3), I2C_Write2ByteRegister@data(2), I2C_Write1ByteRegister@data(1), I2C_Read2ByteRegister@returnValue(2), 
		 -> I2C_Read1ByteRegister@returnValue(1), NULL(0), 
 Auto vars:     Size  Location     Type
		None
 Return value:  Size  Location     Type
                  1    wreg      enum E360
 Registers used:
		wreg, fsr1l, fsr1h, status,2, status,0, pclath, cstack
 Tracked objects:
		On entry : 
		On exit  : 
		Unchanged: 
 Data sizes:     COMMON   BANK0   BANK1   BANK2   BANK3   BANK4   BANK5   BANK6
      Params:         1       0       0       0       0       0       0       0
      Locals:         0       0       0       0       0       0       0       0
      Temps:          0       0       0       0       0       0       0       0
      Totals:         1       0       0       0       0       0       0       0
Total ram usage:        1 bytes
 Hardware stack levels used:    1
 Hardware stack levels required when called:    2
 This function calls:
		_I2C_SetBuffer
		_I2C_SetDataCompleteCallback
 This function is called by:
		_I2C_Write2ByteRegister
		_I2C_DO_TX
		_I2C_DO_RX
		_I2C_DO_TX_EMPTY
		_I2C_DO_ADDRESS_NACK
		_I2C_DO_RX_EMPTY
 This function uses a non-reentrant model


 *************** function _I2C_SetDataCompleteCallback *****************
 Defined at:
		line 273 in file "mcc_generated_files/i2c_master.c"
 Parameters:    Size  Location     Type
  cb              2    5[COMMON] PTR FTN(PTR void ,)enum 
		 -> rdBlkRegCompleteHandler(1), wr2RegCompleteHandler(1), wr1RegCompleteHandler(1), rd2RegCompleteHandler(1), 
		 -> rd1RegCompleteHandler(1), Absolute function(1), 
  ptr             1    7[COMMON] PTR void 
		 -> I2C_ReadDataBlock@bufferBlock(3), I2C_Write2ByteRegister@data(2), I2C_Write1ByteRegister@data(1), I2C_Read2ByteRegister@returnValue(2), 
		 -> I2C_Read1ByteRegister@returnValue(1), NULL(0), 
 Auto vars:     Size  Location     Type
		None
 Return value:  Size  Location     Type
                  1    wreg      void 
 Registers used:
		wreg, fsr1l, fsr1h, status,2, status,0, pclath, cstack
 Tracked objects:
		On entry : 
		On exit  : 
		Unchanged: 
 Data sizes:     COMMON   BANK0   BANK1   BANK2   BANK3   BANK4   BANK5   BANK6
      Params:         3       0       0       0       0       0       0       0
      Locals:         0       0       0       0       0       0       0       0
      Temps:          1       0       0       0       0       0       0       0
      Totals:         4       0       0       0       0       0       0       0
Total ram usage:        4 bytes
 Hardware stack levels used:    1
 Hardware stack levels required when called:    1
 This function calls:
		_I2C_SetCallback
 This function is called by:
		_rd1RegCompleteHandler
		_rd2RegCompleteHandler
		_wr1RegCompleteHandler
		_wr2RegCompleteHandler
		_rdBlkRegCompleteHandler
		_I2C_Read1ByteRegister
		_I2C_Read2ByteRegister
		_I2C_Write1ByteRegister
		_I2C_Write2ByteRegister
		_I2C_ReadDataBlock
 This function uses a non-reentrant model


 *************** function _I2C_SetCallback *****************
 Defined at:
		line 298 in file "mcc_generated_files/i2c_master.c"
 Parameters:    Size  Location     Type
  idx             1    wreg     enum E9302
  cb              2    0[COMMON] PTR FTN(PTR void ,)enum 
		 -> rdBlkRegCompleteHandler(1), wr2RegCompleteHandler(1), wr1RegCompleteHandler(1), rd2RegCompleteHandler(1), 
		 -> rd1RegCompleteHandler(1), Absolute function(1), 
  ptr             1    2[COMMON] PTR void 
		 -> I2C_ReadDataBlock@bufferBlock(3), I2C_Write2ByteRegister@data(2), I2C_Write1ByteRegister@data(1), I2C_Read2ByteRegister@returnValue(2), 
		 -> I2C_Read1ByteRegister@returnValue(1), NULL(0), 
 Auto vars:     Size  Location     Type
  idx             1    4[COMMON] enum E9302
 Return value:  Size  Location     Type
                  1    wreg      void 
 Registers used:
		wreg, fsr1l, fsr1h, status,2, status,0
 Tracked objects:
		On entry : 
		On exit  : 
		Unchanged: 
 Data sizes:     COMMON   BANK0   BANK1   BANK2   BANK3   BANK4   BANK5   BANK6
      Params:         3       0       0       0       0       0       0       0
      Locals:         1       0       0       0       0       0       0       0
      Temps:          1       0       0       0       0       0       0       0
      Totals:         5       0       0       0       0       0       0       0
Total ram usage:        5 bytes
 Hardware stack levels used:    1
 This function calls:
		Nothing
 This function is called by:
		_I2C_SetDataCompleteCallback
		_I2C_SetWriteCollisionCallback
		_I2C_SetAddressNackCallback
		_I2C_SetDataNackCallback
		_I2C_SetTimeoutCallback
 This function uses a non-reentrant model


 *************** function _I2C_SetBuffer *****************
 Defined at:
		line 263 in file "mcc_generated_files/i2c_master.c"
 Parameters:    Size  Location     Type
  buffer          1    wreg     PTR void 
		 -> I2C_ReadDataBlock@reg(1), I2C_ReadDataBlock@bufferBlock(3), I2C_Write2ByteRegister@reg(1), I2C_Write2ByteRegister@data(2), 
		 -> I2C_Write1ByteRegister@reg(1), I2C_Write1ByteRegister@data(1), I2C_Read2ByteRegister@reg(1), I2C_Read2ByteRegister@returnValue(2), 
		 -> I2C_Read1ByteRegister@reg(1), I2C_Read1ByteRegister@returnValue(1), NULL(0), 
  bufferSize      2    0[COMMON] unsigned int 
 Auto vars:     Size  Location     Type
  buffer          1    3[COMMON] PTR void 
		 -> I2C_ReadDataBlock@reg(1), I2C_ReadDataBlock@bufferBlock(3), I2C_Write2ByteRegister@reg(1), I2C_Write2ByteRegister@data(2), 
		 -> I2C_Write1ByteRegister@reg(1), I2C_Write1ByteRegister@data(1), I2C_Read2ByteRegister@reg(1), I2C_Read2ByteRegister@returnValue(2), 
		 -> I2C_Read1ByteRegister@reg(1), I2C_Read1ByteRegister@returnValue(1), NULL(0), 
 Return value:  Size  Location     Type
                  1    wreg      void 
 Registers used:
		wreg
 Tracked objects:
		On entry : 
		On exit  : 
		Unchanged: 
 Data sizes:     COMMON   BANK0   BANK1   BANK2   BANK3   BANK4   BANK5   BANK6
      Params:         2       0       0       0       0       0       0       0
      Locals:         1       0       0       0       0       0       0       0
      Temps:          1       0       0       0       0       0       0       0
      Totals:         4       0       0       0       0       0       0       0
Total ram usage:        4 bytes
 Hardware stack levels used:    1
 This function calls:
		Nothing
 This function is called by:
		_rd1RegCompleteHandler
		_rd2RegCompleteHandler
		_wr1RegCompleteHandler
		_wr2RegCompleteHandler
		_rdBlkRegCompleteHandler
		_I2C_Read1ByteRegister
		_I2C_Read2ByteRegister
		_I2C_Write1ByteRegister
		_I2C_Write2ByteRegister
		_I2C_WriteNBytes
		_I2C_ReadNBytes
		_I2C_ReadDataBlock
 This function uses a non-reentrant model


 *************** function _I2C_MasterStop *****************
 Defined at:
		line 593 in file "mcc_generated_files/i2c_master.c"
 Parameters:    Size  Location     Type
		None
 Auto vars:     Size  Location     Type
		None
 Return value:  Size  Location     Type
                  1    wreg      void 
 Registers used:
		None
 Tracked objects:
		On entry : 
		On exit  : 
		Unchanged: 
 Data sizes:     COMMON   BANK0   BANK1   BANK2   BANK3   BANK4   BANK5   BANK6
      Params:         0       0       0       0       0       0       0       0
      Locals:         0       0       0       0       0       0       0       0
      Temps:          0       0       0       0       0       0       0       0
      Totals:         0       0       0       0       0       0       0       0
Total ram usage:        0 bytes
 Hardware stack levels used:    1
 This function calls:
		Nothing
 This function is called by:
		_I2C_DO_SEND_STOP
 This function uses a non-reentrant model


 *************** function _I2C_MasterEnableRestart *****************
 Defined at:
		line 573 in file "mcc_generated_files/i2c_master.c"
 Parameters:    Size  Location     Type
		None
 Auto vars:     Size  Location     Type
		None
 Return value:  Size  Location     Type
                  1    wreg      void 
 Registers used:
		None
 Tracked objects:
		On entry : 
		On exit  : 
		Unchanged: 
 Data sizes:     COMMON   BANK0   BANK1   BANK2   BANK3   BANK4   BANK5   BANK6
      Params:         0       0       0       0       0       0       0       0
      Locals:         0       0       0       0       0       0       0       0
      Temps:          0       0       0       0       0       0       0       0
      Totals:         0       0       0       0       0       0       0       0
Total ram usage:        0 bytes
 Hardware stack levels used:    1
 This function calls:
		Nothing
 This function is called by:
		_I2C_DO_SEND_RESTART_READ
		_I2C_DO_SEND_RESTART_WRITE
		_I2C_DO_SEND_RESTART
		_I2C_DO_RX_EMPTY
 This function uses a non-reentrant model


 *************** function _I2C_MasterStart *****************
 Defined at:
		line 588 in file "mcc_generated_files/i2c_master.c"
 Parameters:    Size  Location     Type
		None
 Auto vars:     Size  Location     Type
		None
 Return value:  Size  Location     Type
                  1    wreg      void 
 Registers used:
		None
 Tracked objects:
		On entry : 
		On exit  : 
		Unchanged: 
 Data sizes:     COMMON   BANK0   BANK1   BANK2   BANK3   BANK4   BANK5   BANK6
      Params:         0       0       0       0       0       0       0       0
      Locals:         0       0       0       0       0       0       0       0
      Temps:          0       0       0       0       0       0       0       0
      Totals:         0       0       0       0       0       0       0       0
Total ram usage:        0 bytes
 Hardware stack levels used:    1
 This function calls:
		Nothing
 This function is called by:
		_I2C_MasterOperation
 This function uses a non-reentrant model


 *************** function _I2C_Close *****************
 Defined at:
		line 209 in file "mcc_generated_files/i2c_master.c"
 Parameters:    Size  Location     Type
		None
 Auto vars:     Size  Location     Type
  returnValue     1    1[COMMON] enum E355
 Return value:  Size  Location     Type
                  1    wreg      enum E9227
 Registers used:
		wreg, status,2, status,0, pclath, cstack
 Tracked objects:
		On entry : 
		On exit  : 
		Unchanged: 
 Data sizes:     COMMON   BANK0   BANK1   BANK2   BANK3   BANK4   BANK5   BANK6
      Params:         0       0       0       0       0       0       0       0
      Locals:         1       0       0       0       0       0       0       0
      Temps:          1       0       0       0       0       0       0       0
      Totals:         2       0       0       0       0       0       0       0
Total ram usage:        2 bytes
 Hardware stack levels used:    1
 Hardware stack levels required when called:    1
 This function calls:
		_I2C_MasterClearIrq
		_I2C_MasterClose
		_I2C_MasterDisableIrq
 This function is called by:
		_main
		_I2C_Read1ByteRegister
		_I2C_Read2ByteRegister
		_I2C_Write1ByteRegister
		_I2C_Write2ByteRegister
		_I2C_WriteNBytes
		_I2C_ReadNBytes
		_I2C_ReadDataBlock
 This function uses a non-reentrant model


 *************** function _I2C_MasterDisableIrq *****************
 Defined at:
		line 635 in file "mcc_generated_files/i2c_master.c"
 Parameters:    Size  Location     Type
		None
 Auto vars:     Size  Location     Type
		None
 Return value:  Size  Location     Type
                  1    wreg      void 
 Registers used:
		None
 Tracked objects:
		On entry : 
		On exit  : 
		Unchanged: 
 Data sizes:     COMMON   BANK0   BANK1   BANK2   BANK3   BANK4   BANK5   BANK6
      Params:         0       0       0       0       0       0       0       0
      Locals:         0       0       0       0       0       0       0       0
      Temps:          0       0       0       0       0       0       0       0
      Totals:         0       0       0       0       0       0       0       0
Total ram usage:        0 bytes
 Hardware stack levels used:    1
 This function calls:
		Nothing
 This function is called by:
		_I2C_Close
		_I2C_SetTimeOut
 This function uses a non-reentrant model


 *************** function _I2C_MasterClose *****************
 Defined at:
		line 557 in file "mcc_generated_files/i2c_master.c"
 Parameters:    Size  Location     Type
		None
 Auto vars:     Size  Location     Type
		None
 Return value:  Size  Location     Type
                  1    wreg      void 
 Registers used:
		None
 Tracked objects:
		On entry : 
		On exit  : 
		Unchanged: 
 Data sizes:     COMMON   BANK0   BANK1   BANK2   BANK3   BANK4   BANK5   BANK6
      Params:         0       0       0       0       0       0       0       0
      Locals:         0       0       0       0       0       0       0       0
      Temps:          0       0       0       0       0       0       0       0
      Totals:         0       0       0       0       0       0       0       0
Total ram usage:        0 bytes
 Hardware stack levels used:    1
 This function calls:
		Nothing
 This function is called by:
		_I2C_Close
 This function uses a non-reentrant model


 *************** function _I2C_MasterClearIrq *****************
 Defined at:
		line 640 in file "mcc_generated_files/i2c_master.c"
 Parameters:    Size  Location     Type
		None
 Auto vars:     Size  Location     Type
		None
 Return value:  Size  Location     Type
                  1    wreg      void 
 Registers used:
		None
 Tracked objects:
		On entry : 
		On exit  : 
		Unchanged: 
 Data sizes:     COMMON   BANK0   BANK1   BANK2   BANK3   BANK4   BANK5   BANK6
      Params:         0       0       0       0       0       0       0       0
      Locals:         0       0       0       0       0       0       0       0
      Temps:          0       0       0       0       0       0       0       0
      Totals:         0       0       0       0       0       0       0       0
Total ram usage:        0 bytes
 Hardware stack levels used:    1
 This function calls:
		Nothing
 This function is called by:
		_I2C_Open
		_I2C_Close
		_I2C_MasterFsm
 This function uses a non-reentrant model


 *************** function _ADC_GetConversion *****************
 Defined at:
		line 115 in file "mcc_generated_files/adc.c"
 Parameters:    Size  Location     Type
  channel         1    wreg     enum E8899
 Auto vars:     Size  Location     Type
  channel         1    3[COMMON] enum E8899
 Return value:  Size  Location     Type
                  2    0[COMMON] unsigned short 
 Registers used:
		wreg, status,2, status,0
 Tracked objects:
		On entry : 
		On exit  : 
		Unchanged: 
 Data sizes:     COMMON   BANK0   BANK1   BANK2   BANK3   BANK4   BANK5   BANK6
      Params:         2       0       0       0       0       0       0       0
      Locals:         1       0       0       0       0       0       0       0
      Temps:          1       0       0       0       0       0       0       0
      Totals:         4       0       0       0       0       0       0       0
Total ram usage:        4 bytes
 Hardware stack levels used:    1
 This function calls:
		Nothing
 This function is called by:
		_main
 This function uses a non-reentrant model



MODULE INFORMATION

Module		Function		Class		Link	Load	Size
mcc_generated_files/examples/i2c_master_example.c
		_wr1RegCompleteHandler		CODE           	050A	0000	17
		_wr2RegCompleteHandler		CODE           	04D7	0000	17
		_rdBlkRegCompleteHandler		CODE           	0545	0000	24
		_rd1RegCompleteHandler		CODE           	04E8	0000	17
		_rd2RegCompleteHandler		CODE           	04F9	0000	17

mcc_generated_files/examples/i2c_master_example.c estimated size: 92

mcc_generated_files/pin_manager.c
		_PIN_MANAGER_Initialize		CODE           	06B9	0000	58

mcc_generated_files/pin_manager.c estimated size: 58

mcc_generated_files/adc.c
		_ADC_Initialize		CODE           	0484	0000	9
		_ADC_GetConversion		CODE           	055D	0000	27

mcc_generated_files/adc.c estimated size: 36

shared
		__initialization		CODE           	07F4	0000	9
		_i2c_fsmStateTable		STRCODE        	084A	0000	32

shared estimated size: 41

mcc_generated_files/mcc.c
		_WDT_Initialize		CODE           	0405	0000	4
		_OSCILLATOR_Initialize		CODE           	0473	0000	8
		_SYSTEM_Initialize		CODE           	051B	0000	19

mcc_generated_files/mcc.c estimated size: 31

mcc_generated_files/i2c_master.c
		_I2C_Close     		CODE           	0578	0000	28
		_I2C_MasterStartRx		CODE           	03F4	0000	3
		_I2C_DO_SEND_ADR_WRITE		CODE           	046B	0000	8
		_I2C_MasterWaitForEvent		CODE           	0446	0000	6
		_I2C_DO_SEND_STOP		CODE           	0422	0000	5
		_I2C_MasterSendNack		CODE           	03FD	0000	4
		_I2C_MasterDisableIrq		CODE           	03E8	0000	3
		_I2C_CallbackReturnStop		CODE           	03DE	0000	2
		_I2C_MasterOperation		CODE           	0594	0000	30
		_I2C_DO_SEND_ADR_READ		CODE           	047B	0000	9
		_I2C_DO_RX_NACK_STOP		CODE           	042C	0000	5
		_I2C_DO_SEND_RESTART		CODE           	041D	0000	5
		_I2C_DO_RX     		CODE           	06F3	0000	70
		_I2C_DO_TX     		CODE           	0739	0000	85
		_I2C_DO_IDLE   		CODE           	040E	0000	5
		_I2C_DO_RCEN   		CODE           	0464	0000	7
		_I2C_Poller    		CODE           	04AD	0000	13
		_I2C_DO_RESET  		CODE           	0436	0000	5
		_I2C_MasterClose		CODE           	03E5	0000	3
		_I2C_DO_RX_ACK 		CODE           	0427	0000	5
		_I2C_MasterStart		CODE           	03EB	0000	3
		_I2C_MasterClearIrq		CODE           	03E2	0000	3
		_I2C_MasterGetRxData		CODE           	03F7	0000	3
		_I2C_SetCallback		CODE           	05D3	0000	38
		_I2C_DO_ADDRESS_NACK		CODE           	0624	0000	44
		_I2C_MasterEnableRestart		CODE           	03EE	0000	3
		_I2C_CallbackReturnReset		CODE           	03E0	0000	2
		_I2C_Open      		CODE           	067F	0000	58
		_I2C_DO_TX_EMPTY		CODE           	0650	0000	47
		_I2C_DO_SEND_RESTART_WRITE		CODE           	0418	0000	5
		_I2C_MasterIsNack		CODE           	0440	0000	6
		_I2C_SetDataCompleteCallback		CODE           	04A0	0000	13
		_I2C_DO_RX_NACK_RESTART		CODE           	0431	0000	5
		_I2C_MasterSendAck		CODE           	0401	0000	4
		_I2C_MasterFsm 		CODE           	05F9	0000	43
		_I2C_MasterSetIrq		CODE           	03FA	0000	3
		_I2C_DO_SEND_RESTART_READ		CODE           	0413	0000	5
		_I2C_Initialize		CODE           	048D	0000	9
		_I2C_SetBuffer 		CODE           	04C7	0000	16
		_I2C_MasterRead		CODE           	043B	0000	5
		_I2C_MasterOpen		CODE           	04BA	0000	13
		_I2C_MasterSendTxData		CODE           	0409	0000	5
		_I2C_MasterStop		CODE           	03F1	0000	3

mcc_generated_files/i2c_master.c estimated size: 637

mcc_generated_files/eusart.c
		_EUSART_Initialize		CODE           	05B2	0000	33
		_EUSART_SetFramingErrorHandler		CODE           	0452	0000	6
		_EUSART_SetErrorHandler		CODE           	044C	0000	6
		_EUSART_SetOverrunErrorHandler		CODE           	0458	0000	6

mcc_generated_files/eusart.c estimated size: 51

main.c
		_main          		CODE           	078E	0000	102
		_UART_send_string		CODE           	052E	0000	23
		_UART_send_char		CODE           	0496	0000	10

main.c estimated size: 135

